2024-06-13T09:55:11.9913033Z Current runner version: '2.317.0'
2024-06-13T09:55:11.9936764Z ##[group]Operating System
2024-06-13T09:55:11.9937433Z Ubuntu
2024-06-13T09:55:11.9937905Z 22.04.4
2024-06-13T09:55:11.9938244Z LTS
2024-06-13T09:55:11.9938694Z ##[endgroup]
2024-06-13T09:55:11.9939081Z ##[group]Runner Image
2024-06-13T09:55:11.9939537Z Image: ubuntu-22.04
2024-06-13T09:55:11.9939983Z Version: 20240609.1.0
2024-06-13T09:55:11.9940981Z Included Software: https://github.com/actions/runner-images/blob/ubuntu22/20240609.1/images/ubuntu/Ubuntu2204-Readme.md
2024-06-13T09:55:11.9942429Z Image Release: https://github.com/actions/runner-images/releases/tag/ubuntu22%2F20240609.1
2024-06-13T09:55:11.9943364Z ##[endgroup]
2024-06-13T09:55:11.9943786Z ##[group]Runner Image Provisioner
2024-06-13T09:55:11.9944297Z 2.0.370.1
2024-06-13T09:55:11.9944713Z ##[endgroup]
2024-06-13T09:55:11.9945604Z ##[group]GITHUB_TOKEN Permissions
2024-06-13T09:55:11.9947206Z Contents: write
2024-06-13T09:55:11.9947658Z Metadata: read
2024-06-13T09:55:11.9948350Z ##[endgroup]
2024-06-13T09:55:11.9951417Z Secret source: Actions
2024-06-13T09:55:11.9952116Z Prepare workflow directory
2024-06-13T09:55:12.0566940Z Prepare all required actions
2024-06-13T09:55:12.0734336Z Getting action download info
2024-06-13T09:55:12.2471130Z Download action repository 'actions/checkout@v3' (SHA:f43a0e5ff2bd294095638e18286ca9a3d1956744)
2024-06-13T09:55:12.3542230Z Download action repository 'docker/setup-buildx-action@v2' (SHA:885d1462b80bc1c1c7f0b00334ad271f09369c55)
2024-06-13T09:55:12.6823815Z Download action repository 'docker/login-action@v2' (SHA:465a07811f14bebb1938fbed4728c6a1ff8901fc)
2024-06-13T09:55:13.0314128Z Complete job name: build-and-deploy
2024-06-13T09:55:13.1254694Z ##[group]Run actions/checkout@v3
2024-06-13T09:55:13.1255327Z with:
2024-06-13T09:55:13.1255935Z   repository: nguyenha-meiii/vdt_midterm_api
2024-06-13T09:55:13.1256778Z   token: ***
2024-06-13T09:55:13.1257312Z   ssh-strict: true
2024-06-13T09:55:13.1257800Z   persist-credentials: true
2024-06-13T09:55:13.1258323Z   clean: true
2024-06-13T09:55:13.1258790Z   sparse-checkout-cone-mode: true
2024-06-13T09:55:13.1259368Z   fetch-depth: 1
2024-06-13T09:55:13.1259807Z   fetch-tags: false
2024-06-13T09:55:13.1260308Z   lfs: false
2024-06-13T09:55:13.1260691Z   submodules: false
2024-06-13T09:55:13.1261133Z   set-safe-directory: true
2024-06-13T09:55:13.1261712Z ##[endgroup]
2024-06-13T09:55:13.2888859Z Syncing repository: nguyenha-meiii/vdt_midterm_api
2024-06-13T09:55:13.2890929Z ##[group]Getting Git version info
2024-06-13T09:55:13.2892040Z Working directory is '/home/runner/work/vdt_midterm_api/vdt_midterm_api'
2024-06-13T09:55:13.2893617Z [command]/usr/bin/git version
2024-06-13T09:55:13.2894507Z git version 2.45.2
2024-06-13T09:55:13.2917345Z ##[endgroup]
2024-06-13T09:55:13.2932160Z Temporarily overriding HOME='/home/runner/work/_temp/1e4277fb-68ea-4603-9aee-451c05b760ed' before making global git config changes
2024-06-13T09:55:13.2933783Z Adding repository directory to the temporary git global config as a safe directory
2024-06-13T09:55:13.2936334Z [command]/usr/bin/git config --global --add safe.directory /home/runner/work/vdt_midterm_api/vdt_midterm_api
2024-06-13T09:55:13.2981444Z Deleting the contents of '/home/runner/work/vdt_midterm_api/vdt_midterm_api'
2024-06-13T09:55:13.2984933Z ##[group]Initializing the repository
2024-06-13T09:55:13.2988309Z [command]/usr/bin/git init /home/runner/work/vdt_midterm_api/vdt_midterm_api
2024-06-13T09:55:13.3067306Z hint: Using 'master' as the name for the initial branch. This default branch name
2024-06-13T09:55:13.3069211Z hint: is subject to change. To configure the initial branch name to use in all
2024-06-13T09:55:13.3071221Z hint: of your new repositories, which will suppress this warning, call:
2024-06-13T09:55:13.3072095Z hint:
2024-06-13T09:55:13.3072704Z hint: 	git config --global init.defaultBranch <name>
2024-06-13T09:55:13.3073480Z hint:
2024-06-13T09:55:13.3074418Z hint: Names commonly chosen instead of 'master' are 'main', 'trunk' and
2024-06-13T09:55:13.3075992Z hint: 'development'. The just-created branch can be renamed via this command:
2024-06-13T09:55:13.3077220Z hint:
2024-06-13T09:55:13.3077714Z hint: 	git branch -m <name>
2024-06-13T09:55:13.3078994Z Initialized empty Git repository in /home/runner/work/vdt_midterm_api/vdt_midterm_api/.git/
2024-06-13T09:55:13.3081197Z [command]/usr/bin/git remote add origin https://github.com/nguyenha-meiii/vdt_midterm_api
2024-06-13T09:55:13.3118612Z ##[endgroup]
2024-06-13T09:55:13.3119897Z ##[group]Disabling automatic garbage collection
2024-06-13T09:55:13.3121097Z [command]/usr/bin/git config --local gc.auto 0
2024-06-13T09:55:13.3155753Z ##[endgroup]
2024-06-13T09:55:13.3156840Z ##[group]Setting up auth
2024-06-13T09:55:13.3162088Z [command]/usr/bin/git config --local --name-only --get-regexp core\.sshCommand
2024-06-13T09:55:13.3198130Z [command]/usr/bin/git submodule foreach --recursive sh -c "git config --local --name-only --get-regexp 'core\.sshCommand' && git config --local --unset-all 'core.sshCommand' || :"
2024-06-13T09:55:13.3503636Z [command]/usr/bin/git config --local --name-only --get-regexp http\.https\:\/\/github\.com\/\.extraheader
2024-06-13T09:55:13.3540633Z [command]/usr/bin/git submodule foreach --recursive sh -c "git config --local --name-only --get-regexp 'http\.https\:\/\/github\.com\/\.extraheader' && git config --local --unset-all 'http.https://github.com/.extraheader' || :"
2024-06-13T09:55:13.3784942Z [command]/usr/bin/git config --local http.https://github.com/.extraheader AUTHORIZATION: basic ***
2024-06-13T09:55:13.3824865Z ##[endgroup]
2024-06-13T09:55:13.3825871Z ##[group]Fetching the repository
2024-06-13T09:55:13.3833626Z [command]/usr/bin/git -c protocol.version=2 fetch --no-tags --prune --progress --no-recurse-submodules --depth=1 origin +04ceba8a970c2d6980d8320c574eaafcb02b2655:refs/tags/v2.1.0
2024-06-13T09:55:13.5748712Z remote: Enumerating objects: 27, done.        
2024-06-13T09:55:13.5750149Z remote: Counting objects:   3% (1/27)        
2024-06-13T09:55:13.5832352Z remote: Counting objects:   7% (2/27)        
2024-06-13T09:55:13.5834033Z remote: Counting objects:  11% (3/27)        
2024-06-13T09:55:13.5835614Z remote: Counting objects:  14% (4/27)        
2024-06-13T09:55:13.5837239Z remote: Counting objects:  18% (5/27)        
2024-06-13T09:55:13.5838792Z remote: Counting objects:  22% (6/27)        
2024-06-13T09:55:13.5839942Z remote: Counting objects:  25% (7/27)        
2024-06-13T09:55:13.5841035Z remote: Counting objects:  29% (8/27)        
2024-06-13T09:55:13.5842274Z remote: Counting objects:  33% (9/27)        
2024-06-13T09:55:13.5843341Z remote: Counting objects:  37% (10/27)        
2024-06-13T09:55:13.5844500Z remote: Counting objects:  40% (11/27)        
2024-06-13T09:55:13.5845525Z remote: Counting objects:  44% (12/27)        
2024-06-13T09:55:13.5848294Z remote: Counting objects:  48% (13/27)        
2024-06-13T09:55:13.5849498Z remote: Counting objects:  51% (14/27)        
2024-06-13T09:55:13.5850531Z remote: Counting objects:  55% (15/27)        
2024-06-13T09:55:13.5851700Z remote: Counting objects:  59% (16/27)        
2024-06-13T09:55:13.5852716Z remote: Counting objects:  62% (17/27)        
2024-06-13T09:55:13.5853766Z remote: Counting objects:  66% (18/27)        
2024-06-13T09:55:13.5854886Z remote: Counting objects:  70% (19/27)        
2024-06-13T09:55:13.5855861Z remote: Counting objects:  74% (20/27)        
2024-06-13T09:55:13.5856911Z remote: Counting objects:  77% (21/27)        
2024-06-13T09:55:13.5857862Z remote: Counting objects:  81% (22/27)        
2024-06-13T09:55:13.5858836Z remote: Counting objects:  85% (23/27)        
2024-06-13T09:55:13.5859931Z remote: Counting objects:  88% (24/27)        
2024-06-13T09:55:13.5860914Z remote: Counting objects:  92% (25/27)        
2024-06-13T09:55:13.5861888Z remote: Counting objects:  96% (26/27)        
2024-06-13T09:55:13.5863044Z remote: Counting objects: 100% (27/27)        
2024-06-13T09:55:13.5864120Z remote: Counting objects: 100% (27/27), done.        
2024-06-13T09:55:13.5865423Z remote: Compressing objects:   4% (1/23)        
2024-06-13T09:55:13.5866916Z remote: Compressing objects:   8% (2/23)        
2024-06-13T09:55:13.5867994Z remote: Compressing objects:  13% (3/23)        
2024-06-13T09:55:13.5869114Z remote: Compressing objects:  17% (4/23)        
2024-06-13T09:55:13.5870109Z remote: Compressing objects:  21% (5/23)        
2024-06-13T09:55:13.5871160Z remote: Compressing objects:  26% (6/23)        
2024-06-13T09:55:13.5872272Z remote: Compressing objects:  30% (7/23)        
2024-06-13T09:55:13.5873295Z remote: Compressing objects:  34% (8/23)        
2024-06-13T09:55:13.5874316Z remote: Compressing objects:  39% (9/23)        
2024-06-13T09:55:13.5875475Z remote: Compressing objects:  43% (10/23)        
2024-06-13T09:55:13.5876825Z remote: Compressing objects:  47% (11/23)        
2024-06-13T09:55:13.5877872Z remote: Compressing objects:  52% (12/23)        
2024-06-13T09:55:13.5878972Z remote: Compressing objects:  56% (13/23)        
2024-06-13T09:55:13.5879979Z remote: Compressing objects:  60% (14/23)        
2024-06-13T09:55:13.5880923Z remote: Compressing objects:  65% (15/23)        
2024-06-13T09:55:13.5882020Z remote: Compressing objects:  69% (16/23)        
2024-06-13T09:55:13.5883042Z remote: Compressing objects:  73% (17/23)        
2024-06-13T09:55:13.5884113Z remote: Compressing objects:  78% (18/23)        
2024-06-13T09:55:13.5885121Z remote: Compressing objects:  82% (19/23)        
2024-06-13T09:55:13.5886098Z remote: Compressing objects:  86% (20/23)        
2024-06-13T09:55:13.5887157Z remote: Compressing objects:  91% (21/23)        
2024-06-13T09:55:13.5888169Z remote: Compressing objects:  95% (22/23)        
2024-06-13T09:55:13.5889406Z remote: Compressing objects: 100% (23/23)        
2024-06-13T09:55:13.5890638Z remote: Compressing objects: 100% (23/23), done.        
2024-06-13T09:55:13.5892223Z remote: Total 27 (delta 1), reused 22 (delta 1), pack-reused 0        
2024-06-13T09:55:13.5985852Z From https://github.com/nguyenha-meiii/vdt_midterm_api
2024-06-13T09:55:13.5987434Z  * [new ref]         04ceba8a970c2d6980d8320c574eaafcb02b2655 -> v2.1.0
2024-06-13T09:55:13.6020147Z ##[endgroup]
2024-06-13T09:55:13.6021556Z ##[group]Determining the checkout info
2024-06-13T09:55:13.6022979Z ##[endgroup]
2024-06-13T09:55:13.6024193Z ##[group]Checking out the ref
2024-06-13T09:55:13.6028163Z [command]/usr/bin/git checkout --progress --force refs/tags/v2.1.0
2024-06-13T09:55:13.6095562Z Note: switching to 'refs/tags/v2.1.0'.
2024-06-13T09:55:13.6096503Z 
2024-06-13T09:55:13.6097636Z You are in 'detached HEAD' state. You can look around, make experimental
2024-06-13T09:55:13.6099152Z changes and commit them, and you can discard any commits you make in this
2024-06-13T09:55:13.6100706Z state without impacting any branches by switching back to a branch.
2024-06-13T09:55:13.6101628Z 
2024-06-13T09:55:13.6102178Z If you want to create a new branch to retain commits you create, you may
2024-06-13T09:55:13.6103621Z do so (now or later) by using -c with the switch command. Example:
2024-06-13T09:55:13.6104627Z 
2024-06-13T09:55:13.6105026Z   git switch -c <new-branch-name>
2024-06-13T09:55:13.6105564Z 
2024-06-13T09:55:13.6105901Z Or undo this operation with:
2024-06-13T09:55:13.6106386Z 
2024-06-13T09:55:13.6108586Z   git switch -
2024-06-13T09:55:13.6108967Z 
2024-06-13T09:55:13.6109642Z Turn off this advice by setting config variable advice.detachedHead to false
2024-06-13T09:55:13.6110499Z 
2024-06-13T09:55:13.6110855Z HEAD is now at 04ceba8 update cd.yaml
2024-06-13T09:55:13.6113071Z ##[endgroup]
2024-06-13T09:55:13.6151303Z [command]/usr/bin/git log -1 --format='%H'
2024-06-13T09:55:13.6185517Z '04ceba8a970c2d6980d8320c574eaafcb02b2655'
2024-06-13T09:55:13.6457943Z ##[group]Run docker/setup-buildx-action@v2
2024-06-13T09:55:13.6458463Z with:
2024-06-13T09:55:13.6458919Z   driver: docker-container
2024-06-13T09:55:13.6459651Z   buildkitd-flags: --allow-insecure-entitlement security.insecure --allow-insecure-entitlement network.host
2024-06-13T09:55:13.6460459Z   install: false
2024-06-13T09:55:13.6461048Z   use: true
2024-06-13T09:55:13.6461345Z   cleanup: true
2024-06-13T09:55:13.6461785Z ##[endgroup]
2024-06-13T09:55:13.8002372Z ##[group]Docker info
2024-06-13T09:55:13.8027759Z [command]/usr/bin/docker version
2024-06-13T09:55:13.8624108Z Client: Docker Engine - Community
2024-06-13T09:55:13.8627165Z  Version:           26.1.3
2024-06-13T09:55:13.8627854Z  API version:       1.45
2024-06-13T09:55:13.8628520Z  Go version:        go1.21.10
2024-06-13T09:55:13.8629295Z  Git commit:        b72abbb
2024-06-13T09:55:13.8630022Z  Built:             Thu May 16 08:33:29 2024
2024-06-13T09:55:13.8630732Z  OS/Arch:           linux/amd64
2024-06-13T09:55:13.8631667Z  Context:           default
2024-06-13T09:55:13.8632049Z 
2024-06-13T09:55:13.8632412Z Server: Docker Engine - Community
2024-06-13T09:55:13.8633180Z  Engine:
2024-06-13T09:55:13.8633736Z   Version:          26.1.3
2024-06-13T09:55:13.8634533Z   API version:      1.45 (minimum version 1.24)
2024-06-13T09:55:13.8635376Z   Go version:       go1.21.10
2024-06-13T09:55:13.8636006Z   Git commit:       8e96db1
2024-06-13T09:55:13.8637050Z   Built:            Thu May 16 08:33:29 2024
2024-06-13T09:55:13.8637638Z   OS/Arch:          linux/amd64
2024-06-13T09:55:13.8638140Z   Experimental:     false
2024-06-13T09:55:13.8638621Z  containerd:
2024-06-13T09:55:13.8638993Z   Version:          1.6.33
2024-06-13T09:55:13.8639483Z   GitCommit:        d2d58213f83a351ca8f528a95fbd145f5654e957
2024-06-13T09:55:13.8640084Z  runc:
2024-06-13T09:55:13.8640528Z   Version:          1.1.12
2024-06-13T09:55:13.8641007Z   GitCommit:        v1.1.12-0-g51d5e94
2024-06-13T09:55:13.8641630Z  docker-init:
2024-06-13T09:55:13.8642000Z   Version:          0.19.0
2024-06-13T09:55:13.8642477Z   GitCommit:        de40ad0
2024-06-13T09:55:13.8666685Z [command]/usr/bin/docker info
2024-06-13T09:55:14.0561467Z Client: Docker Engine - Community
2024-06-13T09:55:14.0562322Z  Version:    26.1.3
2024-06-13T09:55:14.0562949Z  Context:    default
2024-06-13T09:55:14.0563662Z  Debug Mode: false
2024-06-13T09:55:14.0564225Z  Plugins:
2024-06-13T09:55:14.0564811Z   buildx: Docker Buildx (Docker Inc.)
2024-06-13T09:55:14.0565574Z     Version:  v0.14.1
2024-06-13T09:55:14.0566430Z     Path:     /usr/libexec/docker/cli-plugins/docker-buildx
2024-06-13T09:55:14.0567313Z   compose: Docker Compose (Docker Inc.)
2024-06-13T09:55:14.0568133Z     Version:  v2.27.1
2024-06-13T09:55:14.0569002Z     Path:     /usr/libexec/docker/cli-plugins/docker-compose
2024-06-13T09:55:14.0569613Z 
2024-06-13T09:55:14.0569943Z Server:
2024-06-13T09:55:14.0570503Z  Containers: 0
2024-06-13T09:55:14.0571084Z   Running: 0
2024-06-13T09:55:14.0571698Z   Paused: 0
2024-06-13T09:55:14.0573601Z   Stopped: 0
2024-06-13T09:55:14.0574020Z  Images: 14
2024-06-13T09:55:14.0574486Z  Server Version: 26.1.3
2024-06-13T09:55:14.0574912Z  Storage Driver: overlay2
2024-06-13T09:55:14.0575325Z   Backing Filesystem: extfs
2024-06-13T09:55:14.0575813Z   Supports d_type: true
2024-06-13T09:55:14.0576209Z   Using metacopy: false
2024-06-13T09:55:14.0576668Z   Native Overlay Diff: false
2024-06-13T09:55:14.0577238Z   userxattr: false
2024-06-13T09:55:14.0577930Z  Logging Driver: json-file
2024-06-13T09:55:14.0578479Z  Cgroup Driver: cgroupfs
2024-06-13T09:55:14.0578895Z  Cgroup Version: 2
2024-06-13T09:55:14.0579259Z  Plugins:
2024-06-13T09:55:14.0579680Z   Volume: local
2024-06-13T09:55:14.0580108Z   Network: bridge host ipvlan macvlan null overlay
2024-06-13T09:55:14.0580865Z   Log: awslogs fluentd gcplogs gelf journald json-file local splunk syslog
2024-06-13T09:55:14.0581500Z  Swarm: inactive
2024-06-13T09:55:14.0581898Z  Runtimes: io.containerd.runc.v2 runc
2024-06-13T09:55:14.0582659Z  Default Runtime: runc
2024-06-13T09:55:14.0583209Z  Init Binary: docker-init
2024-06-13T09:55:14.0583767Z  containerd version: d2d58213f83a351ca8f528a95fbd145f5654e957
2024-06-13T09:55:14.0584620Z  runc version: v1.1.12-0-g51d5e94
2024-06-13T09:55:14.0585089Z  init version: de40ad0
2024-06-13T09:55:14.0585623Z  Security Options:
2024-06-13T09:55:14.0586388Z   apparmor
2024-06-13T09:55:14.0586785Z   seccomp
2024-06-13T09:55:14.0587228Z    Profile: builtin
2024-06-13T09:55:14.0587713Z   cgroupns
2024-06-13T09:55:14.0588274Z  Kernel Version: 6.5.0-1021-azure
2024-06-13T09:55:14.0588842Z  Operating System: Ubuntu 22.04.4 LTS
2024-06-13T09:55:14.0589516Z  OSType: linux
2024-06-13T09:55:14.0589920Z  Architecture: x86_64
2024-06-13T09:55:14.0590503Z  CPUs: 4
2024-06-13T09:55:14.0590955Z  Total Memory: 15.61GiB
2024-06-13T09:55:14.0591464Z  Name: fv-az736-826
2024-06-13T09:55:14.0592172Z  ID: 2686415c-d675-4aa2-a9d0-5b8f2b68eac4
2024-06-13T09:55:14.0592807Z  Docker Root Dir: /var/lib/docker
2024-06-13T09:55:14.0593341Z  Debug Mode: false
2024-06-13T09:55:14.0593985Z  Username: githubactions
2024-06-13T09:55:14.0594465Z  Experimental: false
2024-06-13T09:55:14.0594918Z  Insecure Registries:
2024-06-13T09:55:14.0595479Z   127.0.0.0/8
2024-06-13T09:55:14.0595847Z  Live Restore Enabled: false
2024-06-13T09:55:14.0596499Z 
2024-06-13T09:55:14.0597565Z ##[endgroup]
2024-06-13T09:55:14.1121696Z ##[group]Buildx version
2024-06-13T09:55:14.1146364Z [command]/usr/bin/docker buildx version
2024-06-13T09:55:14.1615515Z github.com/docker/buildx v0.14.1 59582a88fca7858dbe1886fd1556b2a0d79e43a3
2024-06-13T09:55:14.1644716Z ##[endgroup]
2024-06-13T09:55:14.1654486Z ##[group]Creating a new builder instance
2024-06-13T09:55:14.2215010Z [command]/usr/bin/docker buildx create --name builder-ba3e9156-5fa7-4a13-9357-37f3dcc9a100 --driver docker-container --buildkitd-flags --allow-insecure-entitlement security.insecure --allow-insecure-entitlement network.host --use
2024-06-13T09:55:14.2702393Z builder-ba3e9156-5fa7-4a13-9357-37f3dcc9a100
2024-06-13T09:55:14.2731282Z ##[endgroup]
2024-06-13T09:55:14.2732006Z ##[group]Booting builder
2024-06-13T09:55:14.2761560Z [command]/usr/bin/docker buildx inspect --bootstrap --builder builder-ba3e9156-5fa7-4a13-9357-37f3dcc9a100
2024-06-13T09:55:14.3236410Z #1 [internal] booting buildkit
2024-06-13T09:55:14.4736292Z #1 pulling image moby/buildkit:buildx-stable-1
2024-06-13T09:55:14.5576544Z #1 pulling image moby/buildkit:buildx-stable-1 0.2s done
2024-06-13T09:55:14.7087448Z #1 creating container buildx_buildkit_builder-ba3e9156-5fa7-4a13-9357-37f3dcc9a1000
2024-06-13T09:55:15.0743766Z #1 creating container buildx_buildkit_builder-ba3e9156-5fa7-4a13-9357-37f3dcc9a1000 0.5s done
2024-06-13T09:55:15.0780544Z #1 DONE 0.8s
2024-06-13T09:55:15.1466018Z Name:          builder-ba3e9156-5fa7-4a13-9357-37f3dcc9a100
2024-06-13T09:55:15.1467375Z Driver:        docker-container
2024-06-13T09:55:15.1468249Z Last Activity: 2024-06-13 09:55:14 +0000 UTC
2024-06-13T09:55:15.1468755Z 
2024-06-13T09:55:15.1468999Z Nodes:
2024-06-13T09:55:15.1469900Z Name:                  builder-ba3e9156-5fa7-4a13-9357-37f3dcc9a1000
2024-06-13T09:55:15.1470892Z Endpoint:              unix:///var/run/docker.sock
2024-06-13T09:55:15.1471648Z Status:                running
2024-06-13T09:55:15.1473138Z BuildKit daemon flags: --allow-insecure-entitlement security.insecure --allow-insecure-entitlement network.host
2024-06-13T09:55:15.1474434Z BuildKit version:      v0.13.2
2024-06-13T09:55:15.1475362Z Platforms:             linux/amd64, linux/amd64/v2, linux/amd64/v3, linux/386
2024-06-13T09:55:15.1476433Z Labels:
2024-06-13T09:55:15.1477099Z  org.mobyproject.buildkit.worker.executor:         oci
2024-06-13T09:55:15.1478253Z  org.mobyproject.buildkit.worker.hostname:         5ec7c6dc56a2
2024-06-13T09:55:15.1479282Z  org.mobyproject.buildkit.worker.network:          host
2024-06-13T09:55:15.1480345Z  org.mobyproject.buildkit.worker.oci.process-mode: sandbox
2024-06-13T09:55:15.1481505Z  org.mobyproject.buildkit.worker.selinux.enabled:  false
2024-06-13T09:55:15.1482846Z  org.mobyproject.buildkit.worker.snapshotter:      overlayfs
2024-06-13T09:55:15.1483753Z GC Policy rule#0:
2024-06-13T09:55:15.1484370Z  All:           false
2024-06-13T09:55:15.1485215Z  Filters:       type==source.local,type==exec.cachemount,type==source.git.checkout
2024-06-13T09:55:15.1486256Z  Keep Duration: 48h0m0s
2024-06-13T09:55:15.1487073Z  Keep Bytes:    488.3MiB
2024-06-13T09:55:15.1487696Z GC Policy rule#1:
2024-06-13T09:55:15.1488302Z  All:           false
2024-06-13T09:55:15.1488866Z  Keep Duration: 1440h0m0s
2024-06-13T09:55:15.1489470Z  Keep Bytes:    7.451GiB
2024-06-13T09:55:15.1490136Z GC Policy rule#2:
2024-06-13T09:55:15.1490711Z  All:        false
2024-06-13T09:55:15.1491220Z  Keep Bytes: 7.451GiB
2024-06-13T09:55:15.1491970Z GC Policy rule#3:
2024-06-13T09:55:15.1492811Z  All:        true
2024-06-13T09:55:15.1493512Z  Keep Bytes: 7.451GiB
2024-06-13T09:55:15.1539413Z ##[endgroup]
2024-06-13T09:55:15.2769102Z ##[group]Inspect builder
2024-06-13T09:55:15.2769992Z {
2024-06-13T09:55:15.2770495Z   "nodes": [
2024-06-13T09:55:15.2770971Z     {
2024-06-13T09:55:15.2772976Z       "name": "builder-ba3e9156-5fa7-4a13-9357-37f3dcc9a1000",
2024-06-13T09:55:15.2774142Z       "endpoint": "unix:///var/run/docker.sock",
2024-06-13T09:55:15.2774776Z       "status": "running",
2024-06-13T09:55:15.2775430Z       "platforms": "linux/amd64,linux/amd64/v2,linux/amd64/v3,linux/386",
2024-06-13T09:55:15.2776016Z       "labels": {
2024-06-13T09:55:15.2776463Z         "org.mobyproject.buildkit.worker.executor": "oci",
2024-06-13T09:55:15.2777410Z         "org.mobyproject.buildkit.worker.hostname": "5ec7c6dc56a2",
2024-06-13T09:55:15.2778092Z         "org.mobyproject.buildkit.worker.network": "host",
2024-06-13T09:55:15.2778981Z         "org.mobyproject.buildkit.worker.oci.process-mode": "sandbox",
2024-06-13T09:55:15.2779813Z         "org.mobyproject.buildkit.worker.selinux.enabled": "false",
2024-06-13T09:55:15.2780485Z         "org.mobyproject.buildkit.worker.snapshotter": "overlayfs"
2024-06-13T09:55:15.2781417Z       },
2024-06-13T09:55:15.2781849Z       "gcPolicy": [
2024-06-13T09:55:15.2782205Z         {
2024-06-13T09:55:15.2782619Z           "all": false,
2024-06-13T09:55:15.2782984Z           "filter": [
2024-06-13T09:55:15.2783342Z             "type==source.local",
2024-06-13T09:55:15.2783802Z             "type==exec.cachemount",
2024-06-13T09:55:15.2784252Z             "type==source.git.checkout"
2024-06-13T09:55:15.2784663Z           ],
2024-06-13T09:55:15.2785082Z           "keepDuration": "48h0m0s",
2024-06-13T09:55:15.2785643Z           "keepBytes": "488.3MiB"
2024-06-13T09:55:15.2786129Z         },
2024-06-13T09:55:15.2786439Z         {
2024-06-13T09:55:15.2786747Z           "all": false,
2024-06-13T09:55:15.2787201Z           "keepDuration": "1440h0m0s",
2024-06-13T09:55:15.2787596Z           "keepBytes": "7.451GiB"
2024-06-13T09:55:15.2787976Z         },
2024-06-13T09:55:15.2788432Z         {
2024-06-13T09:55:15.2788739Z           "all": false,
2024-06-13T09:55:15.2789121Z           "keepBytes": "7.451GiB"
2024-06-13T09:55:15.2789567Z         },
2024-06-13T09:55:15.2789875Z         {
2024-06-13T09:55:15.2790263Z           "all": true,
2024-06-13T09:55:15.2790592Z           "keepBytes": "7.451GiB"
2024-06-13T09:55:15.2790991Z         }
2024-06-13T09:55:15.2791350Z       ]
2024-06-13T09:55:15.2791639Z     }
2024-06-13T09:55:15.2791947Z   ],
2024-06-13T09:55:15.2792505Z   "name": "builder-ba3e9156-5fa7-4a13-9357-37f3dcc9a100",
2024-06-13T09:55:15.2793078Z   "driver": "docker-container",
2024-06-13T09:55:15.2793559Z   "lastActivity": "2024-06-13T09:55:14.000Z"
2024-06-13T09:55:15.2794017Z }
2024-06-13T09:55:15.2794647Z ##[endgroup]
2024-06-13T09:55:15.2795269Z ##[group]BuildKit version
2024-06-13T09:55:15.6917041Z builder-ba3e9156-5fa7-4a13-9357-37f3dcc9a1000: moby/buildkit:buildx-stable-1 => buildkitd github.com/moby/buildkit v0.13.2 2e18d709fefdcc2db20853ee241c75b058189d39
2024-06-13T09:55:15.6919582Z ##[endgroup]
2024-06-13T09:55:15.7061804Z ##[group]Run docker/login-action@v2
2024-06-13T09:55:15.7062273Z with:
2024-06-13T09:55:15.7062929Z   username: ***
2024-06-13T09:55:15.7063346Z   password: ***
2024-06-13T09:55:15.7063709Z   ecr: auto
2024-06-13T09:55:15.7064129Z   logout: true
2024-06-13T09:55:15.7064461Z ##[endgroup]
2024-06-13T09:55:15.8132965Z Logging into Docker Hub...
2024-06-13T09:55:15.9608151Z Login Succeeded!
2024-06-13T09:55:15.9712719Z ##[group]Run echo "TAG=${GITHUB_REF#refs/tags/}" >> $GITHUB_ENV
2024-06-13T09:55:15.9713480Z [36;1mecho "TAG=${GITHUB_REF#refs/tags/}" >> $GITHUB_ENV[0m
2024-06-13T09:55:15.9788697Z shell: /usr/bin/bash -e {0}
2024-06-13T09:55:15.9789224Z ##[endgroup]
2024-06-13T09:55:16.0023475Z ##[group]Run docker build -t hantmei/api_test:v2.1.0 .
2024-06-13T09:55:16.0024133Z [36;1mdocker build -t hantmei/api_test:v2.1.0 .[0m
2024-06-13T09:55:16.0024698Z [36;1mdocker push hantmei/api_test:v2.1.0[0m
2024-06-13T09:55:16.0076773Z shell: /usr/bin/bash -e {0}
2024-06-13T09:55:16.0077305Z env:
2024-06-13T09:55:16.0077623Z   TAG: v2.1.0
2024-06-13T09:55:16.0077943Z ##[endgroup]
2024-06-13T09:55:16.3405153Z #0 building with "default" instance using docker driver
2024-06-13T09:55:16.3406037Z 
2024-06-13T09:55:16.3406540Z #1 [internal] load build definition from Dockerfile
2024-06-13T09:55:16.3407727Z #1 transferring dockerfile: 960B done
2024-06-13T09:55:16.3408353Z #1 DONE 0.0s
2024-06-13T09:55:16.3408585Z 
2024-06-13T09:55:16.3409105Z #2 [auth] library/python:pull token for registry-1.docker.io
2024-06-13T09:55:16.3409708Z #2 DONE 0.0s
2024-06-13T09:55:16.3410031Z 
2024-06-13T09:55:16.3410309Z #3 [internal] load metadata for docker.io/library/python:3.9
2024-06-13T09:55:16.4955286Z #3 DONE 0.3s
2024-06-13T09:55:16.6124172Z 
2024-06-13T09:55:16.6125654Z #4 [internal] load .dockerignore
2024-06-13T09:55:16.6127290Z #4 transferring context: 2B done
2024-06-13T09:55:16.6129029Z #4 DONE 0.0s
2024-06-13T09:55:16.6129451Z 
2024-06-13T09:55:16.6129710Z #5 [internal] load build context
2024-06-13T09:55:16.6130435Z #5 transferring context: 166.08kB 0.0s done
2024-06-13T09:55:16.6131014Z #5 DONE 0.0s
2024-06-13T09:55:16.6131235Z 
2024-06-13T09:55:16.6131908Z #6 [1/5] FROM docker.io/library/python:3.9@sha256:1446afd121c574b13077f4137443114cd8085f1dade5ee63c08305b5870f2b8a
2024-06-13T09:55:16.6133473Z #6 resolve docker.io/library/python:3.9@sha256:1446afd121c574b13077f4137443114cd8085f1dade5ee63c08305b5870f2b8a done
2024-06-13T09:55:16.6134523Z #6 sha256:a99509a323905a80628005e4f3bc26ac15ebaf3ffdb08a9646a7f2d110ab38f9 4.19MB / 6.39MB 0.1s
2024-06-13T09:55:16.6135417Z #6 sha256:6d3d7d17de07b8f1f6be6f9edd43bce3ac0f043209f192ee7be60c6e301c7c58 0B / 15.82MB 0.1s
2024-06-13T09:55:16.6136422Z #6 sha256:4c48c04d1fb3009c52c336e056f902701a669fb1a0dcf7b31eecaa5902e4b624 2.01kB / 2.01kB done
2024-06-13T09:55:16.6137321Z #6 sha256:c94ad86caa0c383c0bb1696f9d16b1efcb6aec23d334977bb6bd9e034f1658aa 7.31kB / 7.31kB done
2024-06-13T09:55:16.6138267Z #6 sha256:b48a26c2e793d41d2af3d848f1857a70988240cc7ed68065bf2163615b4953e7 0B / 243B 0.1s
2024-06-13T09:55:16.6139149Z #6 sha256:1446afd121c574b13077f4137443114cd8085f1dade5ee63c08305b5870f2b8a 1.86kB / 1.86kB done
2024-06-13T09:55:16.7411735Z #6 sha256:a99509a323905a80628005e4f3bc26ac15ebaf3ffdb08a9646a7f2d110ab38f9 6.39MB / 6.39MB 0.1s done
2024-06-13T09:55:16.7414124Z #6 sha256:6d3d7d17de07b8f1f6be6f9edd43bce3ac0f043209f192ee7be60c6e301c7c58 10.49MB / 15.82MB 0.2s
2024-06-13T09:55:16.7416184Z #6 sha256:b48a26c2e793d41d2af3d848f1857a70988240cc7ed68065bf2163615b4953e7 243B / 243B 0.1s done
2024-06-13T09:55:16.7418144Z #6 extracting sha256:a99509a323905a80628005e4f3bc26ac15ebaf3ffdb08a9646a7f2d110ab38f9 0.1s
2024-06-13T09:55:16.7420163Z #6 sha256:bf7985fdee5c6bc4ef85f9f7632a4e68eef4d3903f45abb2ad7918afd35ac906 2.85MB / 2.85MB 0.2s done
2024-06-13T09:55:16.8434757Z #6 sha256:6d3d7d17de07b8f1f6be6f9edd43bce3ac0f043209f192ee7be60c6e301c7c58 15.82MB / 15.82MB 0.3s done
2024-06-13T09:55:16.9551698Z #6 extracting sha256:a99509a323905a80628005e4f3bc26ac15ebaf3ffdb08a9646a7f2d110ab38f9 0.3s done
2024-06-13T09:55:16.9553363Z #6 extracting sha256:6d3d7d17de07b8f1f6be6f9edd43bce3ac0f043209f192ee7be60c6e301c7c58
2024-06-13T09:55:17.4284160Z #6 extracting sha256:6d3d7d17de07b8f1f6be6f9edd43bce3ac0f043209f192ee7be60c6e301c7c58 0.4s done
2024-06-13T09:55:17.4287876Z #6 extracting sha256:b48a26c2e793d41d2af3d848f1857a70988240cc7ed68065bf2163615b4953e7
2024-06-13T09:55:17.5409794Z #6 extracting sha256:b48a26c2e793d41d2af3d848f1857a70988240cc7ed68065bf2163615b4953e7 done
2024-06-13T09:55:17.5411655Z #6 extracting sha256:bf7985fdee5c6bc4ef85f9f7632a4e68eef4d3903f45abb2ad7918afd35ac906 0.1s
2024-06-13T09:55:17.6843377Z #6 extracting sha256:bf7985fdee5c6bc4ef85f9f7632a4e68eef4d3903f45abb2ad7918afd35ac906 0.2s done
2024-06-13T09:55:17.6844865Z #6 DONE 1.2s
2024-06-13T09:55:17.8525351Z 
2024-06-13T09:55:17.8526237Z #7 [2/5] WORKDIR /app
2024-06-13T09:55:17.8526926Z #7 DONE 0.0s
2024-06-13T09:55:17.8528315Z 
2024-06-13T09:55:17.8528656Z #8 [3/5] COPY requirements.txt .
2024-06-13T09:55:17.8529287Z #8 DONE 0.0s
2024-06-13T09:55:17.8529477Z 
2024-06-13T09:55:17.8530005Z #9 [4/5] RUN pip install --no-cache-dir -r requirements.txt
2024-06-13T09:55:19.6931458Z #9 1.991 Collecting Flask
2024-06-13T09:55:19.9021062Z #9 2.035   Downloading flask-3.0.3-py3-none-any.whl (101 kB)
2024-06-13T09:55:19.9023499Z #9 2.049      ‚îÅ‚îÅ‚îÅ‚îÅ‚îÅ‚îÅ‚îÅ‚îÅ‚îÅ‚îÅ‚îÅ‚îÅ‚îÅ‚îÅ‚îÅ‚îÅ‚îÅ‚îÅ‚îÅ‚îÅ‚îÅ‚îÅ‚îÅ‚îÅ‚îÅ‚îÅ‚îÅ‚îÅ‚îÅ‚îÅ‚îÅ‚îÅ‚îÅ‚îÅ‚îÅ‚îÅ‚îÅ‚îÅ‚îÅ 101.7/101.7 kB 8.0 MB/s eta 0:00:00
2024-06-13T09:55:20.3640527Z #9 2.662 Collecting pymongo
2024-06-13T09:55:20.5757618Z #9 2.673   Downloading pymongo-4.7.3-cp39-cp39-manylinux_2_17_x86_64.manylinux2014_x86_64.whl (668 kB)
2024-06-13T09:55:20.5759547Z #9 2.687      ‚îÅ‚îÅ‚îÅ‚îÅ‚îÅ‚îÅ‚îÅ‚îÅ‚îÅ‚îÅ‚îÅ‚îÅ‚îÅ‚îÅ‚îÅ‚îÅ‚îÅ‚îÅ‚îÅ‚îÅ‚îÅ‚îÅ‚îÅ‚îÅ‚îÅ‚îÅ‚îÅ‚îÅ‚îÅ‚îÅ‚îÅ‚îÅ‚îÅ‚îÅ‚îÅ‚îÅ‚îÅ‚îÅ 668.2/668.2 kB 54.8 MB/s eta 0:00:00
2024-06-13T09:55:20.5760858Z #9 2.716 Collecting flask-cors
2024-06-13T09:55:20.5761909Z #9 2.723   Downloading Flask_Cors-4.0.1-py2.py3-none-any.whl (14 kB)
2024-06-13T09:55:20.6737867Z #9 2.972 Collecting pydantic
2024-06-13T09:55:20.7762204Z #9 2.983   Downloading pydantic-2.7.4-py3-none-any.whl (409 kB)
2024-06-13T09:55:20.7763810Z #9 2.987      ‚îÅ‚îÅ‚îÅ‚îÅ‚îÅ‚îÅ‚îÅ‚îÅ‚îÅ‚îÅ‚îÅ‚îÅ‚îÅ‚îÅ‚îÅ‚îÅ‚îÅ‚îÅ‚îÅ‚îÅ‚îÅ‚îÅ‚îÅ‚îÅ‚îÅ‚îÅ‚îÅ‚îÅ‚îÅ‚îÅ‚îÅ‚îÅ‚îÅ‚îÅ‚îÅ‚îÅ‚îÅ 409.0/409.0 kB 210.5 MB/s eta 0:00:00
2024-06-13T09:55:20.7764617Z #9 3.041 Collecting requests
2024-06-13T09:55:20.7765382Z #9 3.049   Downloading requests-2.32.3-py3-none-any.whl (64 kB)
2024-06-13T09:55:20.7766490Z #9 3.051      ‚îÅ‚îÅ‚îÅ‚îÅ‚îÅ‚îÅ‚îÅ‚îÅ‚îÅ‚îÅ‚îÅ‚îÅ‚îÅ‚îÅ‚îÅ‚îÅ‚îÅ‚îÅ‚îÅ‚îÅ‚îÅ‚îÅ‚îÅ‚îÅ‚îÅ‚îÅ‚îÅ‚îÅ‚îÅ‚îÅ‚îÅ‚îÅ‚îÅ‚îÅ‚îÅ‚îÅ‚îÅ‚îÅ‚îÅ 64.9/64.9 kB 194.4 MB/s eta 0:00:00
2024-06-13T09:55:20.7767234Z #9 3.074 Collecting mongomock
2024-06-13T09:55:20.9323340Z #9 3.082   Downloading mongomock-4.1.2-py2.py3-none-any.whl (60 kB)
2024-06-13T09:55:20.9325708Z #9 3.085      ‚îÅ‚îÅ‚îÅ‚îÅ‚îÅ‚îÅ‚îÅ‚îÅ‚îÅ‚îÅ‚îÅ‚îÅ‚îÅ‚îÅ‚îÅ‚îÅ‚îÅ‚îÅ‚îÅ‚îÅ‚îÅ‚îÅ‚îÅ‚îÅ‚îÅ‚îÅ‚îÅ‚îÅ‚îÅ‚îÅ‚îÅ‚îÅ‚îÅ‚îÅ‚îÅ‚îÅ‚îÅ‚îÅ‚îÅ 60.0/60.0 kB 188.3 MB/s eta 0:00:00
2024-06-13T09:55:20.9326990Z #9 3.112 Collecting flask_sqlalchemy
2024-06-13T09:55:20.9327772Z #9 3.119   Downloading flask_sqlalchemy-3.1.1-py3-none-any.whl (25 kB)
2024-06-13T09:55:20.9328605Z #9 3.156 Collecting Jinja2>=3.1.2
2024-06-13T09:55:20.9329346Z #9 3.163   Downloading jinja2-3.1.4-py3-none-any.whl (133 kB)
2024-06-13T09:55:20.9330343Z #9 3.166      ‚îÅ‚îÅ‚îÅ‚îÅ‚îÅ‚îÅ‚îÅ‚îÅ‚îÅ‚îÅ‚îÅ‚îÅ‚îÅ‚îÅ‚îÅ‚îÅ‚îÅ‚îÅ‚îÅ‚îÅ‚îÅ‚îÅ‚îÅ‚îÅ‚îÅ‚îÅ‚îÅ‚îÅ‚îÅ‚îÅ‚îÅ‚îÅ‚îÅ‚îÅ‚îÅ‚îÅ‚îÅ 133.3/133.3 kB 200.6 MB/s eta 0:00:00
2024-06-13T09:55:20.9331042Z #9 3.230 Collecting Werkzeug>=3.0.0
2024-06-13T09:55:21.0358734Z #9 3.240   Downloading werkzeug-3.0.3-py3-none-any.whl (227 kB)
2024-06-13T09:55:21.0360746Z #9 3.243      ‚îÅ‚îÅ‚îÅ‚îÅ‚îÅ‚îÅ‚îÅ‚îÅ‚îÅ‚îÅ‚îÅ‚îÅ‚îÅ‚îÅ‚îÅ‚îÅ‚îÅ‚îÅ‚îÅ‚îÅ‚îÅ‚îÅ‚îÅ‚îÅ‚îÅ‚îÅ‚îÅ‚îÅ‚îÅ‚îÅ‚îÅ‚îÅ‚îÅ‚îÅ‚îÅ‚îÅ‚îÅ 227.3/227.3 kB 215.2 MB/s eta 0:00:00
2024-06-13T09:55:21.0362204Z #9 3.265 Collecting blinker>=1.6.2
2024-06-13T09:55:21.0363774Z #9 3.272   Downloading blinker-1.8.2-py3-none-any.whl (9.5 kB)
2024-06-13T09:55:21.0364648Z #9 3.293 Collecting itsdangerous>=2.1.2
2024-06-13T09:55:21.0365685Z #9 3.301   Downloading itsdangerous-2.2.0-py3-none-any.whl (16 kB)
2024-06-13T09:55:21.0366684Z #9 3.334 Collecting click>=8.1.3
2024-06-13T09:55:21.1751684Z #9 3.342   Downloading click-8.1.7-py3-none-any.whl (97 kB)
2024-06-13T09:55:21.1753775Z #9 3.344      ‚îÅ‚îÅ‚îÅ‚îÅ‚îÅ‚îÅ‚îÅ‚îÅ‚îÅ‚îÅ‚îÅ‚îÅ‚îÅ‚îÅ‚îÅ‚îÅ‚îÅ‚îÅ‚îÅ‚îÅ‚îÅ‚îÅ‚îÅ‚îÅ‚îÅ‚îÅ‚îÅ‚îÅ‚îÅ‚îÅ‚îÅ‚îÅ‚îÅ‚îÅ‚îÅ‚îÅ‚îÅ‚îÅ‚îÅ 97.9/97.9 kB 192.5 MB/s eta 0:00:00
2024-06-13T09:55:21.1755239Z #9 3.422 Collecting importlib-metadata>=3.6.0
2024-06-13T09:55:21.1756527Z #9 3.430   Downloading importlib_metadata-7.1.0-py3-none-any.whl (24 kB)
2024-06-13T09:55:21.1757559Z #9 3.473 Collecting dnspython<3.0.0,>=1.16.0
2024-06-13T09:55:21.3935376Z #9 3.484   Downloading dnspython-2.6.1-py3-none-any.whl (307 kB)
2024-06-13T09:55:21.3936950Z #9 3.488      ‚îÅ‚îÅ‚îÅ‚îÅ‚îÅ‚îÅ‚îÅ‚îÅ‚îÅ‚îÅ‚îÅ‚îÅ‚îÅ‚îÅ‚îÅ‚îÅ‚îÅ‚îÅ‚îÅ‚îÅ‚îÅ‚îÅ‚îÅ‚îÅ‚îÅ‚îÅ‚îÅ‚îÅ‚îÅ‚îÅ‚îÅ‚îÅ‚îÅ‚îÅ‚îÅ‚îÅ‚îÅ 307.7/307.7 kB 192.1 MB/s eta 0:00:00
2024-06-13T09:55:21.3937832Z #9 3.533 Collecting typing-extensions>=4.6.1
2024-06-13T09:55:21.3939320Z #9 3.541   Downloading typing_extensions-4.12.2-py3-none-any.whl (37 kB)
2024-06-13T09:55:22.5074451Z #9 4.805 Collecting pydantic-core==2.18.4
2024-06-13T09:55:22.7123883Z #9 4.817   Downloading pydantic_core-2.18.4-cp39-cp39-manylinux_2_17_x86_64.manylinux2014_x86_64.whl (2.0 MB)
2024-06-13T09:55:22.7125681Z #9 4.831      ‚îÅ‚îÅ‚îÅ‚îÅ‚îÅ‚îÅ‚îÅ‚îÅ‚îÅ‚îÅ‚îÅ‚îÅ‚îÅ‚îÅ‚îÅ‚îÅ‚îÅ‚îÅ‚îÅ‚îÅ‚îÅ‚îÅ‚îÅ‚îÅ‚îÅ‚îÅ‚îÅ‚îÅ‚îÅ‚îÅ‚îÅ‚îÅ‚îÅ‚îÅ‚îÅ‚îÅ‚îÅ‚îÅ‚îÅ‚îÅ 2.0/2.0 MB 177.7 MB/s eta 0:00:00
2024-06-13T09:55:22.7126803Z #9 4.852 Collecting annotated-types>=0.4.0
2024-06-13T09:55:22.7128225Z #9 4.860   Downloading annotated_types-0.7.0-py3-none-any.whl (13 kB)
2024-06-13T09:55:22.7286744Z #9 5.027 Collecting charset-normalizer<4,>=2
2024-06-13T09:55:22.8830561Z #9 5.036   Downloading charset_normalizer-3.3.2-cp39-cp39-manylinux_2_17_x86_64.manylinux2014_x86_64.whl (142 kB)
2024-06-13T09:55:22.8832682Z #9 5.039      ‚îÅ‚îÅ‚îÅ‚îÅ‚îÅ‚îÅ‚îÅ‚îÅ‚îÅ‚îÅ‚îÅ‚îÅ‚îÅ‚îÅ‚îÅ‚îÅ‚îÅ‚îÅ‚îÅ‚îÅ‚îÅ‚îÅ‚îÅ‚îÅ‚îÅ‚îÅ‚îÅ‚îÅ‚îÅ‚îÅ‚îÅ‚îÅ‚îÅ‚îÅ‚îÅ‚îÅ‚îÅ 142.3/142.3 kB 162.7 MB/s eta 0:00:00
2024-06-13T09:55:22.8833881Z #9 5.065 Collecting idna<4,>=2.5
2024-06-13T09:55:22.8834630Z #9 5.072   Downloading idna-3.7-py3-none-any.whl (66 kB)
2024-06-13T09:55:22.8835459Z #9 5.075      ‚îÅ‚îÅ‚îÅ‚îÅ‚îÅ‚îÅ‚îÅ‚îÅ‚îÅ‚îÅ‚îÅ‚îÅ‚îÅ‚îÅ‚îÅ‚îÅ‚îÅ‚îÅ‚îÅ‚îÅ‚îÅ‚îÅ‚îÅ‚îÅ‚îÅ‚îÅ‚îÅ‚îÅ‚îÅ‚îÅ‚îÅ‚îÅ‚îÅ‚îÅ‚îÅ‚îÅ‚îÅ‚îÅ‚îÅ 66.8/66.8 kB 186.4 MB/s eta 0:00:00
2024-06-13T09:55:22.8836549Z #9 5.107 Collecting certifi>=2017.4.17
2024-06-13T09:55:22.8837319Z #9 5.117   Downloading certifi-2024.6.2-py3-none-any.whl (164 kB)
2024-06-13T09:55:22.8838344Z #9 5.121      ‚îÅ‚îÅ‚îÅ‚îÅ‚îÅ‚îÅ‚îÅ‚îÅ‚îÅ‚îÅ‚îÅ‚îÅ‚îÅ‚îÅ‚îÅ‚îÅ‚îÅ‚îÅ‚îÅ‚îÅ‚îÅ‚îÅ‚îÅ‚îÅ‚îÅ‚îÅ‚îÅ‚îÅ‚îÅ‚îÅ‚îÅ‚îÅ‚îÅ‚îÅ‚îÅ‚îÅ‚îÅ 164.4/164.4 kB 152.8 MB/s eta 0:00:00
2024-06-13T09:55:22.8839012Z #9 5.181 Collecting urllib3<3,>=1.21.1
2024-06-13T09:55:23.1202438Z #9 5.189   Downloading urllib3-2.2.1-py3-none-any.whl (121 kB)
2024-06-13T09:55:23.1204186Z #9 5.192      ‚îÅ‚îÅ‚îÅ‚îÅ‚îÅ‚îÅ‚îÅ‚îÅ‚îÅ‚îÅ‚îÅ‚îÅ‚îÅ‚îÅ‚îÅ‚îÅ‚îÅ‚îÅ‚îÅ‚îÅ‚îÅ‚îÅ‚îÅ‚îÅ‚îÅ‚îÅ‚îÅ‚îÅ‚îÅ‚îÅ‚îÅ‚îÅ‚îÅ‚îÅ‚îÅ‚îÅ‚îÅ 121.1/121.1 kB 196.0 MB/s eta 0:00:00
2024-06-13T09:55:23.1205263Z #9 5.229 Collecting packaging
2024-06-13T09:55:23.1206367Z #9 5.237   Downloading packaging-24.1-py3-none-any.whl (53 kB)
2024-06-13T09:55:23.1207887Z #9 5.239      ‚îÅ‚îÅ‚îÅ‚îÅ‚îÅ‚îÅ‚îÅ‚îÅ‚îÅ‚îÅ‚îÅ‚îÅ‚îÅ‚îÅ‚îÅ‚îÅ‚îÅ‚îÅ‚îÅ‚îÅ‚îÅ‚îÅ‚îÅ‚îÅ‚îÅ‚îÅ‚îÅ‚îÅ‚îÅ‚îÅ‚îÅ‚îÅ‚îÅ‚îÅ‚îÅ‚îÅ‚îÅ‚îÅ‚îÅ 54.0/54.0 kB 182.4 MB/s eta 0:00:00
2024-06-13T09:55:23.1208857Z #9 5.255 Collecting sentinels
2024-06-13T09:55:23.1209658Z #9 5.263   Downloading sentinels-1.0.0.tar.gz (4.1 kB)
2024-06-13T09:55:23.1210697Z #9 5.267   Preparing metadata (setup.py): started
2024-06-13T09:55:23.2545027Z #9 5.552   Preparing metadata (setup.py): finished with status 'done'
2024-06-13T09:55:23.9148825Z #9 6.213 Collecting sqlalchemy>=2.0.16
2024-06-13T09:55:24.0417646Z #9 6.224   Downloading SQLAlchemy-2.0.30-cp39-cp39-manylinux_2_17_x86_64.manylinux2014_x86_64.whl (3.1 MB)
2024-06-13T09:55:24.0418955Z #9 6.242      ‚îÅ‚îÅ‚îÅ‚îÅ‚îÅ‚îÅ‚îÅ‚îÅ‚îÅ‚îÅ‚îÅ‚îÅ‚îÅ‚îÅ‚îÅ‚îÅ‚îÅ‚îÅ‚îÅ‚îÅ‚îÅ‚îÅ‚îÅ‚îÅ‚îÅ‚îÅ‚îÅ‚îÅ‚îÅ‚îÅ‚îÅ‚îÅ‚îÅ‚îÅ‚îÅ‚îÅ‚îÅ‚îÅ‚îÅ‚îÅ 3.1/3.1 MB 201.7 MB/s eta 0:00:00
2024-06-13T09:55:24.0419698Z #9 6.340 Collecting zipp>=0.5
2024-06-13T09:55:24.2001986Z #9 6.348   Downloading zipp-3.19.2-py3-none-any.whl (9.0 kB)
2024-06-13T09:55:24.2016248Z #9 6.500 Collecting MarkupSafe>=2.0
2024-06-13T09:55:24.3601162Z #9 6.508   Downloading MarkupSafe-2.1.5-cp39-cp39-manylinux_2_17_x86_64.manylinux2014_x86_64.whl (25 kB)
2024-06-13T09:55:24.5289277Z #9 6.827 Collecting greenlet!=0.4.17
2024-06-13T09:55:24.7448023Z #9 6.835   Downloading greenlet-3.0.3-cp39-cp39-manylinux_2_24_x86_64.manylinux_2_28_x86_64.whl (614 kB)
2024-06-13T09:55:24.7449533Z #9 6.840      ‚îÅ‚îÅ‚îÅ‚îÅ‚îÅ‚îÅ‚îÅ‚îÅ‚îÅ‚îÅ‚îÅ‚îÅ‚îÅ‚îÅ‚îÅ‚îÅ‚îÅ‚îÅ‚îÅ‚îÅ‚îÅ‚îÅ‚îÅ‚îÅ‚îÅ‚îÅ‚îÅ‚îÅ‚îÅ‚îÅ‚îÅ‚îÅ‚îÅ‚îÅ‚îÅ‚îÅ‚îÅ 614.3/614.3 kB 208.6 MB/s eta 0:00:00
2024-06-13T09:55:24.7450353Z #9 6.892 Building wheels for collected packages: sentinels
2024-06-13T09:55:24.7451173Z #9 6.892   Building wheel for sentinels (setup.py): started
2024-06-13T09:55:24.8976875Z #9 7.196   Building wheel for sentinels (setup.py): finished with status 'done'
2024-06-13T09:55:25.0513361Z #9 7.196   Created wheel for sentinels: filename=sentinels-1.0.0-py3-none-any.whl size=3200 sha256=565e891e22fbfff9659d78acdf7882de32e4fbdb3f7df33c25c797eaa5980322
2024-06-13T09:55:25.0516901Z #9 7.196   Stored in directory: /tmp/pip-ephem-wheel-cache-cir52trg/wheels/39/4c/05/90d81b81899bc2fd244e072d9b323422128e69a99328e712a5
2024-06-13T09:55:25.0518608Z #9 7.199 Successfully built sentinels
2024-06-13T09:55:25.0720161Z #9 7.370 Installing collected packages: sentinels, zipp, urllib3, typing-extensions, packaging, MarkupSafe, itsdangerous, idna, greenlet, dnspython, click, charset-normalizer, certifi, blinker, annotated-types, Werkzeug, sqlalchemy, requests, pymongo, pydantic-core, mongomock, Jinja2, importlib-metadata, pydantic, Flask, flask_sqlalchemy, flask-cors
2024-06-13T09:55:27.4213568Z #9 9.719 Successfully installed Flask-3.0.3 Jinja2-3.1.4 MarkupSafe-2.1.5 Werkzeug-3.0.3 annotated-types-0.7.0 blinker-1.8.2 certifi-2024.6.2 charset-normalizer-3.3.2 click-8.1.7 dnspython-2.6.1 flask-cors-4.0.1 flask_sqlalchemy-3.1.1 greenlet-3.0.3 idna-3.7 importlib-metadata-7.1.0 itsdangerous-2.2.0 mongomock-4.1.2 packaging-24.1 pydantic-2.7.4 pydantic-core-2.18.4 pymongo-4.7.3 requests-2.32.3 sentinels-1.0.0 sqlalchemy-2.0.30 typing-extensions-4.12.2 urllib3-2.2.1 zipp-3.19.2
2024-06-13T09:55:27.5718479Z #9 9.719 WARNING: Running pip as the 'root' user can result in broken permissions and conflicting behaviour with the system package manager. It is recommended to use a virtual environment instead: https://pip.pypa.io/warnings/venv
2024-06-13T09:55:27.6258851Z #9 9.924 
2024-06-13T09:55:27.6260197Z #9 9.924 [notice] A new release of pip is available: 23.0.1 -> 24.0
2024-06-13T09:55:27.6261244Z #9 9.924 [notice] To update, run: pip install --upgrade pip
2024-06-13T09:55:27.9305124Z #9 DONE 10.2s
2024-06-13T09:55:28.1063788Z 
2024-06-13T09:55:28.1066962Z #10 [5/5] COPY . .
2024-06-13T09:55:28.1067943Z #10 DONE 0.0s
2024-06-13T09:55:28.1068283Z 
2024-06-13T09:55:28.1068623Z #11 exporting to image
2024-06-13T09:55:28.1069306Z #11 exporting layers
2024-06-13T09:55:30.4723945Z #11 exporting layers 2.5s done
2024-06-13T09:55:30.4999731Z #11 writing image sha256:589f6bbb86e2f2a6b6cd3dba54be949aaf30524dc92b211c2bc79cf9d4752e8c done
2024-06-13T09:55:30.5001519Z #11 naming to docker.io/hantmei/api_test:v2.1.0 done
2024-06-13T09:55:30.5005644Z #11 DONE 2.5s
2024-06-13T09:55:30.5150920Z The push refers to repository [docker.io/hantmei/api_test]
2024-06-13T09:55:30.5426378Z 57dbd49c074f: Preparing
2024-06-13T09:55:30.5427817Z 76b4b497a5ab: Preparing
2024-06-13T09:55:30.5429202Z 94375eb3e7ef: Preparing
2024-06-13T09:55:30.5429862Z c9c9dcc55ec5: Preparing
2024-06-13T09:55:30.5432263Z 07a6aadd26ef: Preparing
2024-06-13T09:55:30.5433190Z 64a71ff38e88: Preparing
2024-06-13T09:55:30.5433772Z 5bf332827eb6: Preparing
2024-06-13T09:55:30.5434459Z cbe4fb5e267b: Preparing
2024-06-13T09:55:30.5435074Z 734c0f0b65c2: Preparing
2024-06-13T09:55:30.5435634Z 8845ab872c1c: Preparing
2024-06-13T09:55:30.5436479Z d7d4c2f9d26b: Preparing
2024-06-13T09:55:30.5437004Z bbe1a212f7e9: Preparing
2024-06-13T09:55:30.5437384Z 64a71ff38e88: Waiting
2024-06-13T09:55:30.5437801Z 5bf332827eb6: Waiting
2024-06-13T09:55:30.5438139Z cbe4fb5e267b: Waiting
2024-06-13T09:55:30.5438492Z 734c0f0b65c2: Waiting
2024-06-13T09:55:30.5438888Z 8845ab872c1c: Waiting
2024-06-13T09:55:30.5439248Z d7d4c2f9d26b: Waiting
2024-06-13T09:55:30.5439664Z bbe1a212f7e9: Waiting
2024-06-13T09:55:30.6753764Z 07a6aadd26ef: Layer already exists
2024-06-13T09:55:30.7483689Z 64a71ff38e88: Layer already exists
2024-06-13T09:55:30.8311172Z 5bf332827eb6: Layer already exists
2024-06-13T09:55:30.9145435Z cbe4fb5e267b: Layer already exists
2024-06-13T09:55:30.9937170Z 734c0f0b65c2: Layer already exists
2024-06-13T09:55:31.0762039Z 8845ab872c1c: Layer already exists
2024-06-13T09:55:31.1499972Z d7d4c2f9d26b: Layer already exists
2024-06-13T09:55:31.2331114Z bbe1a212f7e9: Layer already exists
2024-06-13T09:55:31.4548781Z c9c9dcc55ec5: Pushed
2024-06-13T09:55:31.6440181Z 94375eb3e7ef: Pushed
2024-06-13T09:55:31.6590193Z 57dbd49c074f: Pushed
2024-06-13T09:55:33.9096507Z 76b4b497a5ab: Pushed
2024-06-13T09:55:35.2518292Z v2.1.0: digest: sha256:b7579dd359927a3491be048a72c322b2a1d1c0b578160b83bfead5dd4e6dcd47 size: 2841
2024-06-13T09:55:35.2636583Z ##[group]Run actions/checkout@v3
2024-06-13T09:55:35.2637037Z with:
2024-06-13T09:55:35.2637344Z   repository: nguyenha-meiii/api_config
2024-06-13T09:55:35.2638157Z   token: ***
2024-06-13T09:55:35.2638515Z   path: .
2024-06-13T09:55:35.2638850Z   ssh-strict: true
2024-06-13T09:55:35.2639284Z   persist-credentials: true
2024-06-13T09:55:35.2639664Z   clean: true
2024-06-13T09:55:35.2640050Z   sparse-checkout-cone-mode: true
2024-06-13T09:55:35.2640522Z   fetch-depth: 1
2024-06-13T09:55:35.2640958Z   fetch-tags: false
2024-06-13T09:55:35.2641260Z   lfs: false
2024-06-13T09:55:35.2641649Z   submodules: false
2024-06-13T09:55:35.2642015Z   set-safe-directory: true
2024-06-13T09:55:35.2642442Z env:
2024-06-13T09:55:35.2642757Z   TAG: v2.1.0
2024-06-13T09:55:35.2643083Z ##[endgroup]
2024-06-13T09:55:35.3480611Z Syncing repository: nguyenha-meiii/api_config
2024-06-13T09:55:35.3484280Z ##[group]Getting Git version info
2024-06-13T09:55:35.3485699Z Working directory is '/home/runner/work/vdt_midterm_api/vdt_midterm_api'
2024-06-13T09:55:35.3517426Z [command]/usr/bin/git version
2024-06-13T09:55:35.3562260Z git version 2.45.2
2024-06-13T09:55:35.3585955Z ##[endgroup]
2024-06-13T09:55:35.3601024Z Temporarily overriding HOME='/home/runner/work/_temp/0cc0d3e1-41eb-4deb-a6f5-1f25be47d99d' before making global git config changes
2024-06-13T09:55:35.3603016Z Adding repository directory to the temporary git global config as a safe directory
2024-06-13T09:55:35.3607018Z [command]/usr/bin/git config --global --add safe.directory /home/runner/work/vdt_midterm_api/vdt_midterm_api
2024-06-13T09:55:35.3650699Z [command]/usr/bin/git config --local --get remote.origin.url
2024-06-13T09:55:35.3679042Z https://github.com/nguyenha-meiii/vdt_midterm_api
2024-06-13T09:55:35.3684731Z Deleting the contents of '/home/runner/work/vdt_midterm_api/vdt_midterm_api'
2024-06-13T09:55:35.3787312Z ##[group]Initializing the repository
2024-06-13T09:55:35.3791617Z [command]/usr/bin/git init /home/runner/work/vdt_midterm_api/vdt_midterm_api
2024-06-13T09:55:35.3840917Z hint: Using 'master' as the name for the initial branch. This default branch name
2024-06-13T09:55:35.3841870Z hint: is subject to change. To configure the initial branch name to use in all
2024-06-13T09:55:35.3842692Z hint: of your new repositories, which will suppress this warning, call:
2024-06-13T09:55:35.3843342Z hint:
2024-06-13T09:55:35.3843834Z hint: 	git config --global init.defaultBranch <name>
2024-06-13T09:55:35.3844589Z hint:
2024-06-13T09:55:35.3845357Z hint: Names commonly chosen instead of 'master' are 'main', 'trunk' and
2024-06-13T09:55:35.3846169Z hint: 'development'. The just-created branch can be renamed via this command:
2024-06-13T09:55:35.3846836Z hint:
2024-06-13T09:55:35.3847327Z hint: 	git branch -m <name>
2024-06-13T09:55:35.3848014Z Initialized empty Git repository in /home/runner/work/vdt_midterm_api/vdt_midterm_api/.git/
2024-06-13T09:55:35.3849736Z [command]/usr/bin/git remote add origin https://github.com/nguyenha-meiii/api_config
2024-06-13T09:55:35.3887597Z ##[endgroup]
2024-06-13T09:55:35.3890929Z ##[group]Disabling automatic garbage collection
2024-06-13T09:55:35.3891711Z [command]/usr/bin/git config --local gc.auto 0
2024-06-13T09:55:35.3924202Z ##[endgroup]
2024-06-13T09:55:35.3924823Z ##[group]Setting up auth
2024-06-13T09:55:35.3930606Z [command]/usr/bin/git config --local --name-only --get-regexp core\.sshCommand
2024-06-13T09:55:35.3966739Z [command]/usr/bin/git submodule foreach --recursive sh -c "git config --local --name-only --get-regexp 'core\.sshCommand' && git config --local --unset-all 'core.sshCommand' || :"
2024-06-13T09:55:35.4207992Z [command]/usr/bin/git config --local --name-only --get-regexp http\.https\:\/\/github\.com\/\.extraheader
2024-06-13T09:55:35.4245445Z [command]/usr/bin/git submodule foreach --recursive sh -c "git config --local --name-only --get-regexp 'http\.https\:\/\/github\.com\/\.extraheader' && git config --local --unset-all 'http.https://github.com/.extraheader' || :"
2024-06-13T09:55:35.4487096Z [command]/usr/bin/git config --local http.https://github.com/.extraheader AUTHORIZATION: basic ***
2024-06-13T09:55:35.4529911Z ##[endgroup]
2024-06-13T09:55:35.4530815Z ##[group]Determining the default branch
2024-06-13T09:55:35.4533977Z Retrieving the default branch name
2024-06-13T09:55:35.5987697Z Default branch 'main'
2024-06-13T09:55:35.5988825Z ##[endgroup]
2024-06-13T09:55:35.5989527Z ##[group]Fetching the repository
2024-06-13T09:55:35.5994978Z [command]/usr/bin/git -c protocol.version=2 fetch --no-tags --prune --progress --no-recurse-submodules --depth=1 origin +refs/heads/main:refs/remotes/origin/main
2024-06-13T09:55:35.8161288Z remote: Enumerating objects: 3, done.        
2024-06-13T09:55:35.8162191Z remote: Counting objects:  33% (1/3)        
2024-06-13T09:55:35.8163076Z remote: Counting objects:  66% (2/3)        
2024-06-13T09:55:35.8163711Z remote: Counting objects: 100% (3/3)        
2024-06-13T09:55:35.8164484Z remote: Counting objects: 100% (3/3), done.        
2024-06-13T09:55:35.8167573Z remote: Compressing objects:  50% (1/2)        
2024-06-13T09:55:35.8168418Z remote: Compressing objects: 100% (2/2)        
2024-06-13T09:55:35.8169357Z remote: Compressing objects: 100% (2/2), done.        
2024-06-13T09:55:35.8170523Z remote: Total 3 (delta 0), reused 0 (delta 0), pack-reused 0        
2024-06-13T09:55:35.8220675Z From https://github.com/nguyenha-meiii/api_config
2024-06-13T09:55:35.8221624Z  * [new branch]      main       -> origin/main
2024-06-13T09:55:35.8244298Z ##[endgroup]
2024-06-13T09:55:35.8245162Z ##[group]Determining the checkout info
2024-06-13T09:55:35.8246907Z ##[endgroup]
2024-06-13T09:55:35.8247829Z ##[group]Checking out the ref
2024-06-13T09:55:35.8251801Z [command]/usr/bin/git checkout --progress --force -B main refs/remotes/origin/main
2024-06-13T09:55:35.8296936Z Switched to a new branch 'main'
2024-06-13T09:55:35.8300825Z branch 'main' set up to track 'origin/main'.
2024-06-13T09:55:35.8307298Z ##[endgroup]
2024-06-13T09:55:35.8349607Z [command]/usr/bin/git log -1 --format='%H'
2024-06-13T09:55:35.8381074Z '102c8e19d42004e836b44e12500baad19808e3ef'
2024-06-13T09:55:35.8486129Z ##[group]Run git clone ***github.com/nguyenha-meiii/api_config
2024-06-13T09:55:35.8487024Z [36;1mgit clone ***github.com/nguyenha-meiii/api_config[0m
2024-06-13T09:55:35.8487665Z [36;1mcd api_config[0m
2024-06-13T09:55:35.8488027Z [36;1m[0m
2024-06-13T09:55:35.8488397Z [36;1mgit config --global user.name 'GitHub Actions'[0m
2024-06-13T09:55:35.8489206Z [36;1mgit config --global user.email '***'[0m
2024-06-13T09:55:35.8489616Z [36;1m[0m
2024-06-13T09:55:35.8490041Z [36;1msed -i "s/^  tag: .*/  tag: v2.1.0/" values.yaml[0m
2024-06-13T09:55:35.8490600Z [36;1m[0m
2024-06-13T09:55:35.8490939Z [36;1mgit add values.yaml[0m
2024-06-13T09:55:35.8491507Z [36;1mgit commit -m "Update image version to v2.1.0"[0m
2024-06-13T09:55:35.8491987Z [36;1m[0m
2024-06-13T09:55:35.8492329Z [36;1mgit remote -v[0m
2024-06-13T09:55:35.8492760Z [36;1m[0m
2024-06-13T09:55:35.8493125Z [36;1mgit push --set-upstream origin main[0m
2024-06-13T09:55:35.8494097Z [36;1mgit push --set-upstream ***github.com/nguyenha-meiii/api_config main[0m
2024-06-13T09:55:35.8551780Z shell: /usr/bin/bash -e {0}
2024-06-13T09:55:35.8552465Z env:
2024-06-13T09:55:35.8552794Z   TAG: v2.1.0
2024-06-13T09:55:35.8553373Z   GITHUB_TOKEN: ***
2024-06-13T09:55:35.8553754Z ##[endgroup]
2024-06-13T09:55:35.8642830Z Cloning into 'api_config'...
2024-06-13T09:55:36.0399405Z [main 223a5e0] Update image version to v2.1.0
2024-06-13T09:55:36.0400261Z  1 file changed, 1 insertion(+), 1 deletion(-)
2024-06-13T09:55:36.0415781Z origin	***github.com/nguyenha-meiii/api_config (fetch)
2024-06-13T09:55:36.0417824Z origin	***github.com/nguyenha-meiii/api_config (push)
2024-06-13T09:55:36.7411165Z To https://github.com/nguyenha-meiii/api_config
2024-06-13T09:55:36.7412128Z    102c8e1..223a5e0  main -> main
2024-06-13T09:55:36.7451473Z branch 'main' set up to track 'origin/main'.
2024-06-13T09:55:36.8888230Z Everything up-to-date
2024-06-13T09:55:36.8910815Z branch 'main' set up to track '***github.com/nguyenha-meiii/api_config/main'.
2024-06-13T09:55:36.8980508Z Post job cleanup.
2024-06-13T09:55:36.9802678Z [command]/usr/bin/git version
2024-06-13T09:55:36.9850941Z git version 2.45.2
2024-06-13T09:55:36.9885499Z Copying '/home/runner/.gitconfig' to '/home/runner/work/_temp/3682af05-5324-4ce7-9e56-96c83561e2a9/.gitconfig'
2024-06-13T09:55:36.9896358Z Temporarily overriding HOME='/home/runner/work/_temp/3682af05-5324-4ce7-9e56-96c83561e2a9' before making global git config changes
2024-06-13T09:55:36.9898419Z Adding repository directory to the temporary git global config as a safe directory
2024-06-13T09:55:36.9902818Z [command]/usr/bin/git config --global --add safe.directory /home/runner/work/vdt_midterm_api/vdt_midterm_api
2024-06-13T09:55:36.9943899Z [command]/usr/bin/git config --local --name-only --get-regexp core\.sshCommand
2024-06-13T09:55:36.9982866Z [command]/usr/bin/git submodule foreach --recursive sh -c "git config --local --name-only --get-regexp 'core\.sshCommand' && git config --local --unset-all 'core.sshCommand' || :"
2024-06-13T09:55:37.0228412Z [command]/usr/bin/git config --local --name-only --get-regexp http\.https\:\/\/github\.com\/\.extraheader
2024-06-13T09:55:37.0256303Z http.https://github.com/.extraheader
2024-06-13T09:55:37.0266320Z [command]/usr/bin/git config --local --unset-all http.https://github.com/.extraheader
2024-06-13T09:55:37.0303619Z [command]/usr/bin/git submodule foreach --recursive sh -c "git config --local --name-only --get-regexp 'http\.https\:\/\/github\.com\/\.extraheader' && git config --local --unset-all 'http.https://github.com/.extraheader' || :"
2024-06-13T09:55:37.0648062Z Post job cleanup.
2024-06-13T09:55:37.1836773Z [command]/usr/bin/docker logout 
2024-06-13T09:55:37.1976756Z Removing login credentials for https://index.docker.io/v1/
2024-06-13T09:55:37.2099622Z Post job cleanup.
2024-06-13T09:55:37.3530380Z ##[group]Removing builder
2024-06-13T09:55:37.4681453Z [command]/usr/bin/docker buildx rm builder-ba3e9156-5fa7-4a13-9357-37f3dcc9a100
2024-06-13T09:55:37.6610171Z builder-ba3e9156-5fa7-4a13-9357-37f3dcc9a100 removed
2024-06-13T09:55:37.6641508Z ##[endgroup]
2024-06-13T09:55:37.6642688Z ##[group]Cleaning up certificates
2024-06-13T09:55:37.6648839Z ##[endgroup]
2024-06-13T09:55:37.6772377Z Post job cleanup.
2024-06-13T09:55:37.7606321Z [command]/usr/bin/git version
2024-06-13T09:55:37.7651221Z git version 2.45.2
2024-06-13T09:55:37.7683608Z Copying '/home/runner/.gitconfig' to '/home/runner/work/_temp/e3518edf-da7f-4bb2-9797-728f45c405bc/.gitconfig'
2024-06-13T09:55:37.7693965Z Temporarily overriding HOME='/home/runner/work/_temp/e3518edf-da7f-4bb2-9797-728f45c405bc' before making global git config changes
2024-06-13T09:55:37.7695446Z Adding repository directory to the temporary git global config as a safe directory
2024-06-13T09:55:37.7698943Z [command]/usr/bin/git config --global --add safe.directory /home/runner/work/vdt_midterm_api/vdt_midterm_api
2024-06-13T09:55:37.7740257Z [command]/usr/bin/git config --local --name-only --get-regexp core\.sshCommand
2024-06-13T09:55:37.7777161Z [command]/usr/bin/git submodule foreach --recursive sh -c "git config --local --name-only --get-regexp 'core\.sshCommand' && git config --local --unset-all 'core.sshCommand' || :"
2024-06-13T09:55:37.8020778Z [command]/usr/bin/git config --local --name-only --get-regexp http\.https\:\/\/github\.com\/\.extraheader
2024-06-13T09:55:37.8061646Z [command]/usr/bin/git submodule foreach --recursive sh -c "git config --local --name-only --get-regexp 'http\.https\:\/\/github\.com\/\.extraheader' && git config --local --unset-all 'http.https://github.com/.extraheader' || :"
2024-06-13T09:55:37.8527252Z Cleaning up orphan processes